<?xml version="1.0" encoding="UTF-8"?>
<TestRun id="73c0c77d-9dda-4100-a522-587a6f1f560a" name="DummyRun" runUser="DummyUser" xmlns="http://microsoft.com/schemas/VisualStudio/TeamTest/2010">
  <TestSettings name="DummySettings" id="298ae7de-153c-46d6-982a-4e4130a89823">
    <!-- Intentionally left blank as this section does not have any relevance to parsing the results -->
  </TestSettings>
  <Times creation="2014-05-09T05:58:35.3111040+02:00" queuing="2014-05-09T05:58:37.0453236+02:00" start="2014-05-09T05:58:37.2484304+02:00" finish="2014-05-09T05:58:43.7009514+02:00" />
  <ResultSummary outcome="Warning">
    <!-- Intentionally left blank as this section does not have any relevance to parsing the results -->
  </ResultSummary>
  <TestDefinitions>
    <UnitTest name="TestOutcomeIsMappedOnTestResult_Variant1" storage="d:\dummysolutiondir\bin\dummyprojectname.specifications.dll" id="0aeafd27-d62d-be7d-6dba-eeb39d35e91e">
      <Description>Test outcome is mapped on TestResult</Description>
      <TestCategory>
        <TestCategoryItem TestCategory="tag1" />
        <TestCategoryItem TestCategory="tag2" />
      </TestCategory>
      <Execution id="c0151714-1043-470e-b216-7df93c796b41" />
      <Properties>
        <Property>
          <Key>FeatureTitle</Key>
          <Value>Parsing MS-Test Output</Value>
        </Property>
        <Property>
          <Key>VariantName</Key>
          <Value>Variant 1</Value>
        </Property>
        <Property>
          <Key>Parameter:ExpectedTestOutcome</Key>
          <Value>Passed</Value>
        </Property>
        <Property>
          <Key>Parameter:ExpectedTestResult</Key>
          <Value>Passed</Value>
        </Property>
      </Properties>
      <TestMethod codeBase="D:/DummySolutionDir/bin/DummyProjectName.Specifications.dll" adapterTypeName="Microsoft.VisualStudio.TestTools.TestTypes.Unit.UnitTestAdapter, Microsoft.VisualStudio.QualityTools.Tips.UnitTest.Adapter, Version=11.0.0.0, Culture=neutral, PublicKeyToken=b03f5f7f11d50a3a" className="DummyProjectName.Specifications.ParsingMsTestOutput, DummyProjectName.Specifications, Version=1.0.0.0, Culture=neutral, PublicKeyToken=null" name="TestOutcomeIsMappedOnTestResult_Variant1" />
    </UnitTest>
    <UnitTest name="Publish0FeatureFiles" storage="d:\dummysolutiondir\bin\dummyprojectname.specifications.dll" id="552bc6d1-3f10-3cc0-a769-7ebd708fb823">
      <Description>Publish 0 feature files</Description>
      <TestCategory>
        <TestCategoryItem TestCategory="Tag1" />
      </TestCategory>
      <Execution id="41755f5a-c266-4213-b283-32b3983e16c4" />
      <Properties>
        <Property>
          <Key>FeatureTitle</Key>
          <Value>Publishing Features</Value>
        </Property>
      </Properties>
      <TestMethod codeBase="D:/DummySolutionDir/bin/DummyProjectName.Specifications.dll" adapterTypeName="Microsoft.VisualStudio.TestTools.TestTypes.Unit.UnitTestAdapter, Microsoft.VisualStudio.QualityTools.Tips.UnitTest.Adapter, Version=11.0.0.0, Culture=neutral, PublicKeyToken=b03f5f7f11d50a3a" className="DummyProjectName.Specifications.PublishingFeatures, DummyProjectName.Specifications, Version=1.0.0.0, Culture=neutral, PublicKeyToken=null" name="PublishAFeatureFile" />
    </UnitTest>
    <UnitTest name="TestOutcomeIsMappedOnTestResult_Variant0" storage="d:\dummysolutiondir\bin\dummyprojectname.specifications.dll" id="3edce04d-ef1d-e71c-daa5-b2dc5e3e5956">
      <Description>Test outcome is mapped on TestResult</Description>
      <TestCategory>
        <TestCategoryItem TestCategory="tag1" />
        <TestCategoryItem TestCategory="tag2" />
      </TestCategory>
      <Execution id="d1b70d07-155e-4c73-9b0e-a696861bfa95" />
      <Properties>
        <Property>
          <Key>FeatureTitle</Key>
          <Value>Parsing MS-Test Output</Value>
        </Property>
        <Property>
          <Key>VariantName</Key>
          <Value>Variant 0</Value>
        </Property>
        <Property>
          <Key>Parameter:ExpectedTestOutcome</Key>
          <Value>Failed</Value>
        </Property>
        <Property>
          <Key>Parameter:ExpectedTestResult</Key>
          <Value>Passed</Value>
        </Property>
      </Properties>
      <TestMethod codeBase="D:/DummySolutionDir/bin/DummyProjectName.Specifications.dll" adapterTypeName="Microsoft.VisualStudio.TestTools.TestTypes.Unit.UnitTestAdapter, Microsoft.VisualStudio.QualityTools.Tips.UnitTest.Adapter, Version=11.0.0.0, Culture=neutral, PublicKeyToken=b03f5f7f11d50a3a" className="DummyProjectName.Specifications.ParsingMsTestOutput, DummyProjectName.Specifications, Version=1.0.0.0, Culture=neutral, PublicKeyToken=null" name="TestOutcomeIsMappedOnTestResult_Variant0" />
    </UnitTest>
    <UnitTest name="ActualUnitTest" storage="d:\dummysolutiondir\bin\dummyprojectname.unittest.dll" id="d7dc34fb-a809-5941-aa89-3427f7878df5">
      <Execution id="40a50076-0c52-404b-ba7d-dbeafafd5f42" />
      <TestMethod codeBase="D:/DummySolutionDir/bin/DummyProjectName.UnitTest.dll" adapterTypeName="Microsoft.VisualStudio.TestTools.TestTypes.Unit.UnitTestAdapter, Microsoft.VisualStudio.QualityTools.Tips.UnitTest.Adapter, Version=11.0.0.0, Culture=neutral, PublicKeyToken=b03f5f7f11d50a3a" className="DummyProjectName.UnitTest.TestClass1, DummyProjectName.UnitTest, Version=1.0.0.0, Culture=neutral, PublicKeyToken=null" name="ActualUnitTest" />
    </UnitTest>
  </TestDefinitions>
  <TestLists>
    <TestList name="Results Not in a List" id="8c84fa94-04c1-424b-9868-57a2d4851a1d" />
    <TestList name="All Loaded Results" id="19431567-8539-422a-85d7-44ee4e166bda" />
  </TestLists>
  <TestEntries>
    <TestEntry testId="0aeafd27-d62d-be7d-6dba-eeb39d35e91e" executionId="c0151714-1043-470e-b216-7df93c796b41" testListId="8c84fa94-04c1-424b-9868-57a2d4851a1d" />
    <TestEntry testId="552bc6d1-3f10-3cc0-a769-7ebd708fb823" executionId="41755f5a-c266-4213-b283-32b3983e16c4" testListId="8c84fa94-04c1-424b-9868-57a2d4851a1d" />
    <TestEntry testId="3edce04d-ef1d-e71c-daa5-b2dc5e3e5956" executionId="d1b70d07-155e-4c73-9b0e-a696861bfa95" testListId="8c84fa94-04c1-424b-9868-57a2d4851a1d" />
    <TestEntry testId="d7dc34fb-a809-5941-aa89-3427f7878df5" executionId="40a50076-0c52-404b-ba7d-dbeafafd5f42" testListId="8c84fa94-04c1-424b-9868-57a2d4851a1d" />
  </TestEntries>
  <Results>
    <UnitTestResult executionId="c0151714-1043-470e-b216-7df93c796b41" testId="0aeafd27-d62d-be7d-6dba-eeb39d35e91e" testName="TestOutcomeIsMappedOnTestResult_Variant1" computerName="DummyComputer" duration="00:00:00.0017408" startTime="2014-05-09T05:58:38.7639196+02:00" endTime="2014-05-09T05:58:38.7639196+02:00" testType="13cdc9d9-ddb5-4fa4-a97d-d965ccfc6d4b" outcome="Passed" testListId="8c84fa94-04c1-424b-9868-57a2d4851a1d" relativeResultsDirectory="c0151714-1043-470e-b216-7df93c796b41">
      <Output>
        <StdOut>
          Given testresults are reported in English
          -&gt; done: Steps.GivenTestResultsAreReportedIn("English") (0.0s)
          When a testresult with outcome Passed is parsed
          -&gt; done: Steps.WhenTheTestResultIsParsed("Passed") (0.0s)
          Then the TestResult is Passed
          -&gt; done: Steps.ThenTheTestResultIs(Passed) (0.0s)
        </StdOut>
      </Output>
    </UnitTestResult>
    <UnitTestResult executionId="41755f5a-c266-4213-b283-32b3983e16c4" testId="552bc6d1-3f10-3cc0-a769-7ebd708fb823" testName="Publish0FeatureFiles" computerName="DummyComputer" duration="00:00:00.0037910" startTime="2014-05-09T05:58:39.5607232+02:00" endTime="2014-05-09T05:58:39.5607232+02:00" testType="13cdc9d9-ddb5-4fa4-a97d-d965ccfc6d4b" outcome="Passed" testListId="8c84fa94-04c1-424b-9868-57a2d4851a1d" relativeResultsDirectory="41755f5a-c266-4213-b283-32b3983e16c4">
      <Output>
        <StdOut>
          When the MSBuild task is executed
          -&gt; done: Steps.WhenTheMSBuildTaksIsExecuted() (0.0s)
          Then nothing happens
          -&gt; done: Steps.ThenNothingHappens() (0.0s)
        </StdOut>
      </Output>
    </UnitTestResult>
    <UnitTestResult executionId="d1b70d07-155e-4c73-9b0e-a696861bfa95" testId="3edce04d-ef1d-e71c-daa5-b2dc5e3e5956" testName="TestOutcomeIsMappedOnTestResult_Variant0" computerName="DummyComputer" duration="00:00:00.0044756" startTime="2014-05-09T05:58:38.7482960+02:00" endTime="2014-05-09T05:58:38.7639196+02:00" testType="13cdc9d9-ddb5-4fa4-a97d-d965ccfc6d4b" outcome="Failed" testListId="8c84fa94-04c1-424b-9868-57a2d4851a1d" relativeResultsDirectory="d1b70d07-155e-4c73-9b0e-a696861bfa95">
      <Output>
        <StdOut>
          Given testresults are reported in English
          -&gt; done: Steps.GivenTestResultsAreReportedIn("English") (0.0s)
          When a testresult with outcome Passed is parsed
          -&gt; done: Steps.WhenTheTestResultIsParsed("Failed") (0.0s)
          Then the TestResult is Passed
          -&gt; error: Assert.AreEqual failed. Expected value TestResult.Passed does not match actual value TestResult.Failed
        </StdOut>
      </Output>
    </UnitTestResult>
    <UnitTestResult executionId="40a50076-0c52-404b-ba7d-dbeafafd5f42" testId="d7dc34fb-a809-5941-aa89-3427f7878df5" testName="CheckProperties" computerName="DummyComputer" duration="00:00:00.0006407" startTime="2014-05-09T05:58:41.5292968+02:00" endTime="2014-05-09T05:58:41.5292968+02:00" testType="13cdc9d9-ddb5-4fa4-a97d-d965ccfc6d4b" outcome="Passed" testListId="8c84fa94-04c1-424b-9868-57a2d4851a1d" relativeResultsDirectory="40a50076-0c52-404b-ba7d-dbeafafd5f42">
    </UnitTestResult>
  </Results>
</TestRun>